// Jest Snapshot v1, https://goo.gl/fbAQLP

exports[`MarketPairs container MarketPairs container initial renders properly 1`] = `ShallowWrapper {}`;

exports[`MarketPairs container MarketPairs container isLoaded renders properly 1`] = `ShallowWrapper {}`;

exports[`MarketPairs container MarketPairs container with connectSocket MarketPairs container without connectSocket connectSocket connectSocket renders properly 1`] = `ShallowWrapper {}`;

exports[`MarketPairs container MarketPairs container with connectSocket connectSocket connectSocket renders properly 1`] = `ShallowWrapper {}`;
